// Jest Snapshot v1, https://goo.gl/fbAQLP

exports[`should render AdExpensePage correctly 1`] = `
<div>
  <h1>
    Add Expense
  </h1>
  <ExpenseForm
    addOrEdit="add"
    onSubmit={[Function]}
  />
</div>
`;
