// Jest Snapshot v1, https://goo.gl/fbAQLP

exports[`should render ExpenseListItem with expense 1`] = `
<div>
  <Link
    to="/edit/1"
  >
    <h3>
      Gum
    </h3>
  </Link>
  <p>
    Amount: $
    1.95
  </p>
  <p>
    Note: 
  </p>
  <p>
    Date: 
    0
  </p>
</div>
`;
