// Jest Snapshot v1, https://goo.gl/fbAQLP

exports[`should render Header correctly 1`] = `
<header>
  <h1>
    Expensify
  </h1>
  <nav>
    <NavLink
      activeClassName="is-active"
      exact={true}
      to="/"
    >
      Home
    </NavLink>
    <NavLink
      activeClassName="is-active"
      to="/create"
    >
      Add an Expense
    </NavLink>
    <NavLink
      activeClassName="is-active"
      to="/help"
    >
      Help
    </NavLink>
  </nav>
</header>
`;
